{
  "file_name": "continuous_0007_S2_strategy1.npz",
  "signer": "S2",
  "strategy": 1,
  "strategy_name": "same_category",
  "total_duration_sec": 20.16,
  "num_segments": 5,
  "segments": [
    {
      "index": 0,
      "timestamp_start_ms": 0,
      "timestamp_end_ms": 4033,
      "gloss": 6,
      "gloss_label": "NICE TO MEET YOU",
      "category": 0,
      "category_label": "GREETING",
      "occluded": 1,
      "signer": "S2",
      "original_file": "clip_0760_nice_to_meet_you_S2"
    },
    {
      "index": 1,
      "timestamp_start_ms": 4033,
      "timestamp_end_ms": 8066,
      "gloss": 6,
      "gloss_label": "NICE TO MEET YOU",
      "category": 0,
      "category_label": "GREETING",
      "occluded": 1,
      "signer": "S2",
      "original_file": "clip_0762_nice_to_meet_you_S2"
    },
    {
      "index": 2,
      "timestamp_start_ms": 8066,
      "timestamp_end_ms": 12099,
      "gloss": 7,
      "gloss_label": "THANK YOU",
      "category": 0,
      "category_label": "GREETING",
      "occluded": 1,
      "signer": "S2",
      "original_file": "clip_0859_thank_you_S2"
    },
    {
      "index": 3,
      "timestamp_start_ms": 12099,
      "timestamp_end_ms": 16132,
      "gloss": 3,
      "gloss_label": "HELLO",
      "category": 0,
      "category_label": "GREETING",
      "occluded": 0,
      "signer": "S2",
      "original_file": "clip_0380_hello_S2"
    },
    {
      "index": 4,
      "timestamp_start_ms": 16132,
      "timestamp_end_ms": 20165,
      "gloss": 8,
      "gloss_label": "YOURE WELCOME",
      "category": 0,
      "category_label": "GREETING",
      "occluded": 1,
      "signer": "S2",
      "original_file": "clip_0986_youre_welcome_S2"
    }
  ]
}