{
  "file_name": "continuous_0006_S2_strategy1.npz",
  "signer": "S2",
  "strategy": 1,
  "strategy_name": "same_category",
  "total_duration_sec": 12.1,
  "num_segments": 3,
  "segments": [
    {
      "index": 0,
      "timestamp_start_ms": 0,
      "timestamp_end_ms": 4033,
      "gloss": 2,
      "gloss_label": "GOOD EVENING",
      "category": 0,
      "category_label": "GREETING",
      "occluded": 1,
      "signer": "S2",
      "original_file": "clip_0263_good_evening_S2"
    },
    {
      "index": 1,
      "timestamp_start_ms": 4033,
      "timestamp_end_ms": 8066,
      "gloss": 1,
      "gloss_label": "GOOD AFTERNOON",
      "category": 0,
      "category_label": "GREETING",
      "occluded": 1,
      "signer": "S2",
      "original_file": "clip_0140_good_afternoon_S2"
    },
    {
      "index": 2,
      "timestamp_start_ms": 8066,
      "timestamp_end_ms": 12099,
      "gloss": 0,
      "gloss_label": "GOOD MORNING",
      "category": 0,
      "category_label": "GREETING",
      "occluded": 1,
      "signer": "S2",
      "original_file": "clip_0014_good_morning_S2"
    }
  ]
}